Component: ARM Compiler 5.06 update 6 (build 750) Tool: armlink [4d35ed]

==============================================================================

Section Cross References

    main.o(.text) refers to _printf_percent.o(.ARM.Collect$$_printf_percent$$00000000) for _printf_percent
    main.o(.text) refers to _printf_d.o(.ARM.Collect$$_printf_percent$$00000009) for _printf_d
    main.o(.text) refers to _printf_dec.o(.text) for _printf_int_dec
    main.o(.text) refers to misc.o(.text) for NVIC_PriorityGroupConfig
    main.o(.text) refers to delay.o(.text) for delay_init
    main.o(.text) refers to usart.o(.text) for uart_init
    main.o(.text) refers to usart3.o(.text) for Usart3_Init
    main.o(.text) refers to oled.o(.text) for OLED_Init
    main.o(.text) refers to beep.o(.text) for BEEP_Init
    main.o(.text) refers to led.o(.text) for LED_init
    main.o(.text) refers to infrared.o(.text) for Infrared_init
    main.o(.text) refers to s305.o(.text) for S305_init
    main.o(.text) refers to timer.o(.text) for TIM1_Init
    main.o(.text) refers to l298n.o(.text) for TIM2_PWM_Init
    main.o(.text) refers to zjjm.o(.text) for TIM3_Mode_Config
    main.o(.text) refers to golo.o(.text) for VisGO
    main.o(.text) refers to __2printf.o(.text) for __2printf
    main.o(.text) refers to loal.o(.text) for Distance
    main.o(.text) refers to stm32f10x_usart.o(.text) for USART_GetFlagStatus
    main.o(.text) refers to stm32f10x_tim.o(.text) for TIM_GetITStatus
    main.o(.text) refers to main.o(.data) for test
    main.o(.text) refers to zjjm.o(.data) for circle_count
    main.o(.text) refers to s305.o(.data) for F1
    main.o(.text) refers to infrared.o(.data) for Lef
    main.o(.text) refers to usart3.o(.data) for res3
    system_stm32f10x.o(.text) refers to system_stm32f10x.o(.data) for SystemCoreClock
    oled.o(.text) refers to stm32f10x_gpio.o(.text) for GPIO_SetBits
    oled.o(.text) refers to stm32f10x_rcc.o(.text) for RCC_APB2PeriphClockCmd
    oled.o(.text) refers to delay.o(.text) for delay_ms
    oled.o(.text) refers to oled.o(.constdata) for F8X16
    oled.o(.text) refers to oled.o(.data) for Hzk
    s305.o(.text) refers to stm32f10x_rcc.o(.text) for RCC_APB2PeriphClockCmd
    s305.o(.text) refers to stm32f10x_gpio.o(.text) for GPIO_Init
    s305.o(.text) refers to s305.o(.data) for F1
    s307.o(.text) refers to stm32f10x_gpio.o(.text) for GPIO_PinRemapConfig
    s307.o(.text) refers to stm32f10x_rcc.o(.text) for RCC_APB2PeriphClockCmd
    s307.o(.text) refers to s307.o(.data) for D7_1
    led.o(.text) refers to stm32f10x_rcc.o(.text) for RCC_APB2PeriphClockCmd
    led.o(.text) refers to stm32f10x_gpio.o(.text) for GPIO_Init
    infrared.o(.text) refers to stm32f10x_rcc.o(.text) for RCC_APB2PeriphClockCmd
    infrared.o(.text) refers to stm32f10x_gpio.o(.text) for GPIO_Init
    infrared.o(.text) refers to infrared.o(.data) for Lef
    beep.o(.text) refers to stm32f10x_rcc.o(.text) for RCC_APB2PeriphClockCmd
    beep.o(.text) refers to stm32f10x_gpio.o(.text) for GPIO_Init
    zjjm.o(.text) refers to stm32f10x_rcc.o(.text) for RCC_APB1PeriphClockCmd
    zjjm.o(.text) refers to stm32f10x_gpio.o(.text) for GPIO_StructInit
    zjjm.o(.text) refers to stm32f10x_tim.o(.text) for TIM_TimeBaseStructInit
    zjjm.o(.text) refers to misc.o(.text) for NVIC_Init
    zjjm.o(.text) refers to zjjm.o(.data) for circle_count
    l298n.o(.text) refers to stm32f10x_rcc.o(.text) for RCC_APB1PeriphClockCmd
    l298n.o(.text) refers to stm32f10x_gpio.o(.text) for GPIO_Init
    l298n.o(.text) refers to stm32f10x_tim.o(.text) for TIM_TimeBaseInit
    l298n.o(.text) refers to dflt_clz.o(x$fpl$dfltu) for __aeabi_ui2d
    l298n.o(.text) refers to dmul.o(x$fpl$dmul) for __aeabi_dmul
    l298n.o(.text) refers to dfixu.o(x$fpl$dfixu) for __aeabi_d2uiz
    l298n.o(.text) refers to delay.o(.text) for delay_ms
    timer.o(.text) refers to stm32f10x_rcc.o(.text) for RCC_APB2PeriphClockCmd
    timer.o(.text) refers to stm32f10x_tim.o(.text) for TIM_TimeBaseInit
    timer.o(.text) refers to misc.o(.text) for NVIC_Init
    usart3.o(.text) refers to stm32f10x_rcc.o(.text) for RCC_APB2PeriphClockCmd
    usart3.o(.text) refers to stm32f10x_gpio.o(.text) for GPIO_Init
    usart3.o(.text) refers to stm32f10x_usart.o(.text) for USART_Init
    usart3.o(.text) refers to misc.o(.text) for NVIC_Init
    usart3.o(.text) refers to c89vsprintf.o(.text) for __c89vsprintf
    usart3.o(.text) refers to usart3.o(.data) for res3
    delay.o(.text) refers to misc.o(.text) for SysTick_CLKSourceConfig
    delay.o(.text) refers to system_stm32f10x.o(.data) for SystemCoreClock
    delay.o(.text) refers to delay.o(.data) for fac_us
    usart.o(.text) refers (Special) to use_no_semi_2.o(.text) for __use_no_semihosting
    usart.o(.text) refers to stm32f10x_rcc.o(.text) for RCC_APB2PeriphClockCmd
    usart.o(.text) refers to stm32f10x_gpio.o(.text) for GPIO_Init
    usart.o(.text) refers to misc.o(.text) for NVIC_Init
[...]
    .text                                    0x080008c0   Section        0  oled.o(.text)
    .text                                    0x08000d78   Section        0  s305.o(.text)
    .text                                    0x08000e8c   Section        0  led.o(.text)
    .text                                    0x08000f6c   Section        0  infrared.o(.text)
    .text                                    0x08000ff4   Section        0  beep.o(.text)
    .text                                    0x0800103c   Section        0  zjjm.o(.text)
    .text                                    0x0800122c   Section        0  l298n.o(.text)
    .text                                    0x0800155c   Section        0  timer.o(.text)
    .text                                    0x080015d0   Section        0  usart3.o(.text)
    .text                                    0x080016f4   Section        0  delay.o(.text)
    .text                                    0x080017c8   Section        0  usart.o(.text)
    .text                                    0x08001884   Section       64  startup_stm32f10x_md.o(.text)
    .text                                    0x080018c4   Section        0  misc.o(.text)
    .text                                    0x080019a0   Section        0  stm32f10x_gpio.o(.text)
    .text                                    0x08001cfc   Section        0  stm32f10x_rcc.o(.text)
    .text                                    0x080020a0   Section        0  stm32f10x_usart.o(.text)
    .text                                    0x080024a8   Section        0  stm32f10x_tim.o(.text)
    TI4_Config                               0x0800294f   Thumb Code   130  stm32f10x_tim.o(.text)
    TI3_Config                               0x080029e3   Thumb Code   122  stm32f10x_tim.o(.text)
    TI2_Config                               0x08002a77   Thumb Code   130  stm32f10x_tim.o(.text)
    TI1_Config                               0x08002b0b   Thumb Code   108  stm32f10x_tim.o(.text)
    .text                                    0x080032c4   Section        0  loal.o(.text)
    .text                                    0x08003ca4   Section        0  golo.o(.text)
    .text                                    0x08004224   Section        2  use_no_semi_2.o(.text)
    .text                                    0x08004228   Section        0  c89vsprintf.o(.text)
    .text                                    0x0800424c   Section        0  __2printf.o(.text)
    .text                                    0x08004264   Section        0  _printf_dec.o(.text)
    .text                                    0x080042dc   Section        0  __printf_flags_ss_wp.o(.text)
    .text                                    0x08004464   Section        0  heapauxi.o(.text)
    .text                                    0x0800446a   Section        2  use_no_semi.o(.text)
    .text                                    0x0800446c   Section        0  _printf_pad.o(.text)
    .text                                    0x080044ba   Section        0  _printf_truncate.o(.text)
    .text                                    0x080044de   Section        0  _printf_str.o(.text)
    .text                                    0x08004530   Section        0  _printf_intcommon.o(.text)
    .text                                    0x080045e2   Section        0  _printf_charcount.o(.text)
    .text                                    0x0800460c   Section        0  _printf_char_common.o(.text)
    _printf_input_char                       0x0800460d   Thumb Code    10  _printf_char_common.o(.text)
    .text                                    0x0800463c   Section        0  _sputc.o(.text)
    .text                                    0x08004648   Section        0  _printf_char_file.o(.text)
    .text                                    0x0800466c   Section        0  _printf_wctomb.o(.text)
    .text                                    0x08004728   Section        0  _printf_longlong_dec.o(.text)
    .text                                    0x080047a4   Section        0  _printf_oct_int_ll.o(.text)
    _printf_longlong_oct_internal            0x080047a5   Thumb Code     0  _printf_oct_int_ll.o(.text)
    .text                                    0x08004814   Section        0  _printf_hex_int_ll_ptr.o(.text)
    _printf_hex_common                       0x08004815   Thumb Code     0  _printf_hex_int_ll_ptr.o(.text)
    .text                                    0x080048a8   Section      138  lludiv10.o(.text)
    .text                                    0x08004932   Section        0  _printf_fp_dec.o(.text)
    _fp_digits                               0x08004935   Thumb Code   432  _printf_fp_dec.o(.text)
    .text                                    0x08004d50   Section        0  _printf_char.o(.text)
    .text                                    0x08004d7c   Section        0  _printf_wchar.o(.text)
    .text                                    0x08004da8   Section        0  ferror.o(.text)
    .text                                    0x08004db0   Section        0  _wcrtomb.o(.text)
    .text                                    0x08004df0   Section       74  sys_stackheap_outer.o(.text)
    .text                                    0x08004e3c   Section       16  rt_ctype_table.o(.text)
    .text                                    0x08004e4c   Section        8  rt_locale_intlibspace.o(.text)
    .text                                    0x08004e54   Section        0  _printf_fp_infnan.o(.text)
    .text                                    0x08004ed4   Section        0  bigflt0.o(.text)
    .text                                    0x08004fb8   Section        0  exit.o(.text)
    .text                                    0x08004fcc   Section        8  libspace.o(.text)
    .text                                    0x08004fd4   Section      128  strcmpv7m.o(.text)
    CL$$btod_d2e                             0x08005054   Section       62  btod.o(CL$$btod_d2e)
    CL$$btod_d2e_denorm_low                  0x08005092   Section       70  btod.o(CL$$btod_d2e_denorm_low)
    CL$$btod_d2e_norm_op1                    0x080050d8   Section       96  btod.o(CL$$btod_d2e_norm_op1)
    CL$$btod_div_common                      0x08005138   Section      824  btod.o(CL$$btod_div_common)
    CL$$btod_e2e                             0x08005470   Section      220  btod.o(CL$$btod_e2e)
    CL$$btod_ediv                            0x0800554c   Section       42  btod.o(CL$$btod_ediv)
    CL$$btod_emul                            0x08005576   Section       42  btod.o(CL$$btod_emul)
    CL$$btod_mult_common                     0x080055a0   Section      580  btod.o(CL$$btod_mult_common)
    i.__ARM_fpclassify                       0x080057e4   Section        0  fpclassify.o(i.__ARM_fpclassify)
    i._is_digit                              0x0800580c   Section        0  __printf_wp.o(i._is_digit)
    locale$$code                             0x0800581c   Section       44  lc_numeric_c.o(locale$$code)
    locale$$code                             0x08005848   Section       44  lc_ctype_c.o(locale$$code)
    x$fpl$dfixu                              0x08005874   Section       90  dfixu.o(x$fpl$dfixu)
    x$fpl$dfltu                              0x080058ce   Section       38  dflt_clz.o(x$fpl$dfltu)
    x$fpl$dmul                               0x080058f4   Section      340  dmul.o(x$fpl$dmul)
    x$fpl$dnaninf                            0x08005a48   Section      156  dnaninf.o(x$fpl$dnaninf)
    x$fpl$dretinf                            0x08005ae4   Section       12  dretinf.o(x$fpl$dretinf)
    x$fpl$printf1                            0x08005af0   Section        4  printf1.o(x$fpl$printf1)
    .constdata                               0x08005af4   Section     2072  oled.o(.constdata)
    x$fpl$usenofp                            0x08005af4   Section        0  usenofp.o(x$fpl$usenofp)
    .constdata                               0x0800630c   Section       17  __printf_flags_ss_wp.o(.constdata)
    maptable                                 0x0800630c   Data          17  __printf_flags_ss_wp.o(.constdata)
    .constdata                               0x08006320   Section        8  _printf_wctomb.o(.constdata)
    initial_mbstate                          0x08006320   Data           8  _printf_wctomb.o(.constdata)
    .constdata                               0x08006328   Section       40  _printf_hex_int_ll_ptr.o(.constdata)
    uc_hextab                                0x08006328   Data          20  _printf_hex_int_ll_ptr.o(.constdata)
    lc_hextab                                0x0800633c   Data          20  _printf_hex_int_ll_ptr.o(.constdata)
    .constdata                               0x08006350   Section      148  bigflt0.o(.constdata)
    tenpwrs_x                                0x08006350   Data          60  bigflt0.o(.constdata)
    tenpwrs_i                                0x0800638c   Data          64  bigflt0.o(.constdata)
    locale$$data                             0x08006404   Section       28  lc_numeric_c.o(locale$$data)
    __lcnum_c_name                           0x08006408   Data           2  lc_numeric_c.o(locale$$data)
    __lcnum_c_start                          0x08006410   Data           0  lc_numeric_c.o(locale$$data)
    __lcnum_c_point                          0x0800641c   Data           0  lc_numeric_c.o(locale$$data)
    __lcnum_c_thousands                      0x0800641e   Data           0  lc_numeric_c.o(locale$$data)
    __lcnum_c_grouping                       0x0800641f   Data           0  lc_numeric_c.o(locale$$data)
    locale$$data                             0x08006420   Section      272  lc_ctype_c.o(locale$$data)
    __lcnum_c_end                            0x08006420   Data           0  lc_numeric_c.o(locale$$data)
    __lcctype_c_name                         0x08006424   Data           2  lc_ctype_c.o(locale$$data)
    __lcctype_c_start                        0x0800642c   Data           0  lc_ctype_c.o(locale$$data)
    __lcctype_c_end                          0x08006530   Data           0  lc_ctype_c.o(locale$$data)
    .data                                    0x20000000   Section       44  main.o(.data)
    .data                                    0x2000002c   Section       20  system_stm32f10x.o(.data)
    .data                                    0x20000040   Section      320  oled.o(.data)
    .data                                    0x20000180   Section       24  s305.o(.data)
    .data                                    0x20000198   Section       12  infrared.o(.data)
    .data                                    0x200001a4   Section        8  zjjm.o(.data)
    .data                                    0x200001ac   Section        1  usart3.o(.data)
    .data                                    0x200001ae   Section        4  delay.o(.data)
    fac_us                                   0x200001ae   Data           1  delay.o(.data)
    fac_ms                                   0x200001b0   Data           2  delay.o(.data)
    .data                                    0x200001b4   Section        6  usart.o(.data)
    .data                                    0x200001ba   Section       20  stm32f10x_rcc.o(.data)
    APBAHBPrescTable                         0x200001ba   Data          16  stm32f10x_rcc.o(.data)
    ADCPrescTable                            0x200001ca   Data           4  stm32f10x_rcc.o(.data)
    .data                                    0x200001d0   Section        4  golo.o(.data)
    .bss                                     0x200001d4   Section       96  libspace.o(.bss)
    HEAP                                     0x20000238   Section      512  startup_stm32f10x_md.o(HEAP)
    Heap_Mem                                 0x20000238   Data         512  startup_stm32f10x_md.o(HEAP)
    STACK                                    0x20000438   Section     1024  startup_stm32f10x_md.o(STACK)
    Stack_Mem                                0x20000438   Data        1024  startup_stm32f10x_md.o(STACK)
    __initial_sp                             0x20000838   Data           0  startup_stm32f10x_md.o(STACK)

    Global Symbols

    Symbol Name                              Value     Ov Type        Size  Object(Section)

    BuildAttributes$$THM_ISAv4$P$D$K$B$S$PE$A:L22UL41UL21$X:L11$S22US41US21$IEEE1$IW$USESV6$~STKCKD$USESV7$~SHL$OTIME$ROPI$IEEEJ$EBA8$UX$STANDARDLIB$REQ8$PRES8$EABIv2 0x00000000   Number         0  anon$$obj.o ABSOLUTE
    __ARM_use_no_argv                        0x00000000   Number         0  main.o ABSOLUTE
    _printf_flags                            0x00000000   Number         0  printf_stubs.o ABSOLUTE
    _printf_return_value                     0x00000000   Number         0  printf_stubs.o ABSOLUTE
    _printf_sizespec                         0x00000000   Number         0  printf_stubs.o ABSOLUTE
    _printf_widthprec                        0x00000000   Number         0  printf_stubs.o ABSOLUTE
    __ARM_exceptions_init                     - Undefined Weak Reference
    __alloca_initialize                       - Undefined Weak Reference
    __arm_preinit_                            - Undefined Weak Reference
    __cpp_initialize__aeabi_                  - Undefined Weak Reference
    __cxa_finalize                            - Undefined Weak Reference
    __sigvec_lookup                           - Undefined Weak Reference
    _atexit_init                              - Undefined Weak Reference
    _call_atexit_fns                          - Undefined Weak Reference
    _clock_init                               - Undefined Weak Reference
    _fp_trap_init                             - Undefined Weak Reference
    _fp_trap_shutdown                         - Undefined Weak Reference
    _get_lc_collate                           - Undefined Weak Reference
    _get_lc_monetary                          - Undefined Weak Reference
    _get_lc_time                              - Undefined Weak Reference
    _getenv_init                              - Undefined Weak Reference
    _handle_redirection                       - Undefined Weak Reference
    _init_alloc                               - Undefined Weak Reference
    _init_user_alloc                          - Undefined Weak Reference
    _initio                                   - Undefined Weak Reference
    _mutex_acquire                            - Undefined Weak Reference
    _mutex_release                            - Undefined Weak Reference
    _printf_fp_hex                            - Undefined Weak Reference
    _printf_mbtowc                            - Undefined Weak Reference
    _printf_wc                                - Undefined Weak Reference
    _rand_init                                - Undefined Weak Reference
    _signal_finish                            - Undefined Weak Reference
    _signal_init                              - Undefined Weak Reference
    _terminate_alloc                          - Undefined Weak Reference
    _terminate_user_alloc                     - Undefined Weak Reference
    _terminateio                              - Undefined Weak Reference
    __Vectors_Size                           0x000000ec   Number         0  startup_stm32f10x_md.o ABSOLUTE
    __Vectors                                0x08000000   Data           4  startup_stm32f10x_md.o(RESET)
    __Vectors_End                            0x080000ec   Data           0  startup_stm32f10x_md.o(RESET)
    __main                                   0x080000ed   Thumb Code     8  __main.o(!!!main)
    __scatterload                            0x080000f5   Thumb Code     0  __scatter.o(!!!scatter)
    __scatterload_rt2                        0x080000f5   Thumb Code    44  __scatter.o(!!!scatter)
    __scatterload_rt2_thumb_only             0x080000f5   Thumb Code     0  __scatter.o(!!!scatter)
    __scatterload_null                       0x08000103   Thumb Code     0  __scatter.o(!!!scatter)
    __decompress                             0x08000129   Thumb Code    90  __dczerorl2.o(!!dczerorl2)
    __decompress1                            0x08000129   Thumb Code     0  __dczerorl2.o(!!dczerorl2)
    __scatterload_zeroinit                   0x08000185   Thumb Code    28  __scatter_zi.o(!!handler_zi)
    _printf_n                                0x080001a1   Thumb Code     0  _printf_n.o(.ARM.Collect$$_printf_percent$$00000001)
    _printf_percent                          0x080001a1   Thumb Code     0  _printf_percent.o(.ARM.Collect$$_printf_percent$$00000000)
    _printf_p                                0x080001a7   Thumb Code     0  _printf_p.o(.ARM.Collect$$_printf_percent$$00000002)
    _printf_f                                0x080001ad   Thumb Code     0  _printf_f.o(.ARM.Collect$$_printf_percent$$00000003)
    _printf_e                                0x080001b3   Thumb Code     0  _printf_e.o(.ARM.Collect$$_printf_percent$$00000004)
    _printf_g                                0x080001b9   Thumb Code     0  _printf_g.o(.ARM.Collect$$_printf_percent$$00000005)
    _printf_a                                0x080001bf   Thumb Code     0  _printf_a.o(.ARM.Collect$$_printf_percent$$00000006)
    _printf_ll                               0x080001c5   Thumb Code     0  _printf_ll.o(.ARM.Collect$$_printf_percent$$00000007)
    _printf_i                                0x080001cf   Thumb Code     0  _printf_i.o(.ARM.Collect$$_printf_percent$$00000008)
    _printf_d                                0x080001d5   Thumb Code     0  _printf_d.o(.ARM.Collect$$_printf_percent$$00000009)
    _printf_u                                0x080001db   Thumb Code     0  _printf_u.o(.ARM.Collect$$_printf_percent$$0000000A)
    _printf_o                                0x080001e1   Thumb Code     0  _printf_o.o(.ARM.Collect$$_printf_percent$$0000000B)
    _printf_x                                0x080001e7   Thumb Code     0  _printf_x.o(.ARM.Collect$$_printf_percent$$0000000C)
    _printf_lli                              0x080001ed   Thumb Code     0  _printf_lli.o(.ARM.Collect$$_printf_percent$$0000000D)
    _printf_lld                              0x080001f3   Thumb Code     0  _printf_lld.o(.ARM.Collect$$_printf_percent$$0000000E)
    _printf_llu                              0x080001f9   Thumb Code     0  _printf_llu.o(.ARM.Collect$$_printf_percent$$0000000F)
    _printf_llo                              0x080001ff   Thumb Code     0  _printf_llo.o(.ARM.Collect$$_printf_percent$$00000010)
    _printf_llx                              0x08000205   Thumb Code     0  _printf_llx.o(.ARM.Collect$$_printf_percent$$00000011)
    _printf_l                                0x0800020b   Thumb Code     0  _printf_l.o(.ARM.Collect$$_printf_percent$$00000012)
    _printf_c                                0x08000215   Thumb Code     0  _printf_c.o(.ARM.Collect$$_printf_percent$$00000013)
    _printf_s                                0x0800021b   Thumb Code     0  _printf_s.o(.ARM.Collect$$_printf_percent$$00000014)
    _printf_lc                               0x08000221   Thumb Code     0  _printf_lc.o(.ARM.Collect$$_printf_percent$$00000015)
    _printf_ls                               0x08000227   Thumb Code     0  _printf_ls.o(.ARM.Collect$$_printf_percent$$00000016)
    _printf_percent_end                      0x0800022d   Thumb Code     0  _printf_percent_end.o(.ARM.Collect$$_printf_percent$$00000017)
    __rt_lib_init                            0x08000231   Thumb Code     0  libinit.o(.ARM.Collect$$libinit$$00000000)
    __rt_lib_init_fp_1                       0x08000233   Thumb Code     0  libinit2.o(.ARM.Collect$$libinit$$00000002)
    __rt_lib_init_heap_1                     0x08000233   Thumb Code     0  libinit2.o(.ARM.Collect$$libinit$$0000000A)
    __rt_lib_init_lc_common                  0x08000233   Thumb Code     0  libinit2.o(.ARM.Collect$$libinit$$0000000F)
    __rt_lib_init_preinit_1                  0x08000233   Thumb Code     0  libinit2.o(.ARM.Collect$$libinit$$00000004)
    __rt_lib_init_rand_1                     0x08000233   Thumb Code     0  libinit2.o(.ARM.Collect$$libinit$$0000000E)
    __rt_lib_init_user_alloc_1               0x08000233   Thumb Code     0  libinit2.o(.ARM.Collect$$libinit$$0000000C)
    __rt_lib_init_lc_collate_1               0x08000239   Thumb Code     0  libinit2.o(.ARM.Collect$$libinit$$00000011)
    __rt_lib_init_lc_ctype_2                 0x08000239   Thumb Code     0  libinit2.o(.ARM.Collect$$libinit$$00000012)
    __rt_lib_init_lc_ctype_1                 0x08000245   Thumb Code     0  libinit2.o(.ARM.Collect$$libinit$$00000013)
    __rt_lib_init_lc_monetary_1              0x08000245   Thumb Code     0  libinit2.o(.ARM.Collect$$libinit$$00000015)
    __rt_lib_init_lc_numeric_2               0x08000245   Thumb Code     0  libinit2.o(.ARM.Collect$$libinit$$00000016)
    __rt_lib_init_alloca_1                   0x0800024f   Thumb Code     0  libinit2.o(.ARM.Collect$$libinit$$0000002E)
    __rt_lib_init_argv_1                     0x0800024f   Thumb Code     0  libinit2.o(.ARM.Collect$$libinit$$0000002C)
    __rt_lib_init_atexit_1                   0x0800024f   Thumb Code     0  libinit2.o(.ARM.Collect$$libinit$$0000001B)
    __rt_lib_init_clock_1                    0x0800024f   Thumb Code     0  libinit2.o(.ARM.Collect$$libinit$$00000021)
    __rt_lib_init_cpp_1                      0x0800024f   Thumb Code     0  libinit2.o(.ARM.Collect$$libinit$$00000032)
    __rt_lib_init_exceptions_1               0x0800024f   Thumb Code     0  libinit2.o(.ARM.Collect$$libinit$$00000030)
    __rt_lib_init_fp_trap_1                  0x0800024f   Thumb Code     0  libinit2.o(.ARM.Collect$$libinit$$0000001F)
    __rt_lib_init_getenv_1                   0x0800024f   Thumb Code     0  libinit2.o(.ARM.Collect$$libinit$$00000023)
    __rt_lib_init_lc_numeric_1               0x0800024f   Thumb Code     0  libinit2.o(.ARM.Collect$$libinit$$00000017)
    __rt_lib_init_lc_time_1                  0x0800024f   Thumb Code     0  libinit2.o(.ARM.Collect$$libinit$$00000019)
    __rt_lib_init_return                     0x0800024f   Thumb Code     0  libinit2.o(.ARM.Collect$$libinit$$00000033)
    __rt_lib_init_signal_1                   0x0800024f   Thumb Code     0  libinit2.o(.ARM.Collect$$libinit$$0000001D)
    __rt_lib_init_stdio_1                    0x0800024f   Thumb Code     0  libinit2.o(.ARM.Collect$$libinit$$00000025)
    __rt_lib_shutdown                        0x08000251   Thumb Code     0  libshutdown.o(.ARM.Collect$$libshutdown$$00000000)
    __rt_lib_shutdown_cpp_1                  0x08000253   Thumb Code     0  libshutdown2.o(.ARM.Collect$$libshutdown$$00000002)
    __rt_lib_shutdown_fp_trap_1              0x08000253   Thumb Code     0  libshutdown2.o(.ARM.Collect$$libshutdown$$00000007)
    __rt_lib_shutdown_heap_1                 0x08000253   Thumb Code     0  libshutdown2.o(.ARM.Collect$$libshutdown$$0000000F)
    __rt_lib_shutdown_return                 0x08000253   Thumb Code     0  libshutdown2.o(.ARM.Collect$$libshutdown$$00000010)
    __rt_lib_shutdown_signal_1               0x08000253   Thumb Code     0  libshutdown2.o(.ARM.Collect$$libshutdown$$0000000A)
    __rt_lib_shutdown_stdio_1                0x08000253   Thumb Code     0  libshutdown2.o(.ARM.Collect$$libshutdown$$00000004)
    __rt_lib_shutdown_user_alloc_1           0x08000253   Thumb Code     0  libshutdown2.o(.ARM.Collect$$libshutdown$$0000000C)
    __rt_entry                               0x08000255   Thumb Code     0  __rtentry.o(.ARM.Collect$$rtentry$$00000000)
    __rt_entry_presh_1                       0x08000255   Thumb Code     0  __rtentry2.o(.ARM.Collect$$rtentry$$00000002)
    __rt_entry_sh                            0x08000255   Thumb Code     0  __rtentry4.o(.ARM.Collect$$rtentry$$00000004)
    __rt_entry_li                            0x0800025b   Thumb Code     0  __rtentry2.o(.ARM.Collect$$rtentry$$0000000A)
    __rt_entry_postsh_1                      0x0800025b   Thumb Code     0  __rtentry2.o(.ARM.Collect$$rtentry$$00000009)
    __rt_entry_main                          0x0800025f   Thumb Code     0  __rtentry2.o(.ARM.Collect$$rtentry$$0000000D)
    __rt_entry_postli_1                      0x0800025f   Thumb Code     0  __rtentry2.o(.ARM.Collect$$rtentry$$0000000C)
    __rt_exit                                0x08000267   Thumb Code     0  rtexit.o(.ARM.Collect$$rtexit$$00000000)
    __rt_exit_ls                             0x08000269   Thumb Code     0  rtexit2.o(.ARM.Collect$$rtexit$$00000003)
    __rt_exit_prels_1                        0x08000269   Thumb Code     0  rtexit2.o(.ARM.Collect$$rtexit$$00000002)
    __rt_exit_exit                           0x0800026d   Thumb Code     0  rtexit2.o(.ARM.Collect$$rtexit$$00000004)
    main                                     0x08000275   Thumb Code   766  main.o(.text)
    USART1_IRQHandler                        0x08000573   Thumb Code    36  main.o(.text)
    TIM1_UP_IRQHandler                       0x08000597   Thumb Code   170  main.o(.text)
    NMI_Handler                              0x080006c5   Thumb Code     2  stm32f10x_it.o(.text)
    HardFault_Handler                        0x080006c7   Thumb Code     4  stm32f10x_it.o(.text)
    MemManage_Handler                        0x080006cb   Thumb Code     4  stm32f10x_it.o(.text)
    BusFault_Handler                         0x080006cf   Thumb Code     4  stm32f10x_it.o(.text)
    UsageFault_Handler                       0x080006d3   Thumb Code     4  stm32f10x_it.o(.text)
    SVC_Handler                              0x080006d7   Thumb Code     2  stm32f10x_it.o(.text)
    DebugMon_Handler                         0x080006d9   Thumb Code     2  stm32f10x_it.o(.text)
    PendSV_Handler                           0x080006db   Thumb Code     2  stm32f10x_it.o(.text)
    SysTick_Handler                          0x080006dd   Thumb Code     2  stm32f10x_it.o(.text)
    SystemInit                               0x080007bf   Thumb Code    78  system_stm32f10x.o(.text)
    SystemCoreClockUpdate                    0x0800080d   Thumb Code   142  system_stm32f10x.o(.text)
    OLED_WR_Byte                             0x080008c1   Thumb Code   120  oled.o(.text)
    OLED_Set_Pos                             0x08000939   Thumb Code    46  oled.o(.text)
    OLED_Display_On                          0x08000967   Thumb Code    28  oled.o(.text)
    OLED_Display_Off                         0x08000983   Thumb Code    28  oled.o(.text)
    OLED_Clear                               0x0800099f   Thumb Code    64  oled.o(.text)
    OLED_ShowChar                            0x080009df   Thumb Code   106  oled.o(.text)
    oled_pow                                 0x08000a49   Thumb Code    22  oled.o(.text)
    OLED_ShowNum                             0x08000a5f   Thumb Code   132  oled.o(.text)
    OLED_ShowString                          0x08000ae3   Thumb Code    54  oled.o(.text)
    OLED_ShowCHinese                         0x08000b19   Thumb Code    98  oled.o(.text)
    OLED_DrawBMP                             0x08000b7b   Thumb Code   118  oled.o(.text)
    OLED_Init                                0x08000bf1   Thumb Code   390  oled.o(.text)
    S305_init                                0x08000d79   Thumb Code   146  s305.o(.text)
    ReadS305                                 0x08000e0b   Thumb Code    98  s305.o(.text)
    LED_init                                 0x08000e8d   Thumb Code   114  led.o(.text)
    R                                        0x08000eff   Thumb Code    34  led.o(.text)
    Y                                        0x08000f21   Thumb Code    34  led.o(.text)
    G                                        0x08000f43   Thumb Code    34  led.o(.text)
    Infrared_init                            0x08000f6d   Thumb Code    76  infrared.o(.text)
    ReadInf                                  0x08000fb9   Thumb Code    44  infrared.o(.text)
    BEEP_Init                                0x08000ff5   Thumb Code    40  beep.o(.text)
    BEEP_OFF                                 0x0800101d   Thumb Code    14  beep.o(.text)
    BEEP_ON                                  0x0800102b   Thumb Code    14  beep.o(.text)
    TIM4_Mode_Config                         0x0800103d   Thumb Code   176  zjjm.o(.text)
    TIM4_IRQHandler                          0x080010ed   Thumb Code    66  zjjm.o(.text)
    TIM3_Mode_Config                         0x0800112f   Thumb Code   164  zjjm.o(.text)
    TIM3_IRQHandler                          0x080011d3   Thumb Code    66  zjjm.o(.text)
    TIM2_PWM_Init                            0x0800122d   Thumb Code   336  l298n.o(.text)
    Wforward                                 0x0800137d   Thumb Code    78  l298n.o(.text)
    Wback                                    0x080013cb   Thumb Code    46  l298n.o(.text)
    LWcorect                                 0x080013f9   Thumb Code    50  l298n.o(.text)
    RWcorect                                 0x0800142b   Thumb Code    50  l298n.o(.text)
    BLWcorect                                0x0800145d   Thumb Code    52  l298n.o(.text)
    BRWcorect                                0x08001491   Thumb Code    52  l298n.o(.text)
    Brake                                    0x080014c5   Thumb Code    52  l298n.o(.text)
    WTurnLeft                                0x080014f9   Thumb Code    46  l298n.o(.text)
    WTurnRight                               0x08001527   Thumb Code    46  l298n.o(.text)
    TIM1_Init                                0x0800155d   Thumb Code   110  timer.o(.text)
    Usart3_Init                              0x080015d1   Thumb Code   160  usart3.o(.text)
    USART_Printf                             0x08001671   Thumb Code    68  usart3.o(.text)
    USART3_IRQHandler                        0x080016b5   Thumb Code    46  usart3.o(.text)
    delay_init                               0x080016f5   Thumb Code    50  delay.o(.text)
    delay_us                                 0x08001727   Thumb Code    72  delay.o(.text)
    delay_ms                                 0x0800176f   Thumb Code    72  delay.o(.text)
    _sys_exit                                0x080017c9   Thumb Code     4  usart.o(.text)
    fputc                                    0x080017cd   Thumb Code    24  usart.o(.text)
    uart_init                                0x080017e5   Thumb Code   152  usart.o(.text)
    Reset_Handler                            0x08001885   Thumb Code     8  startup_stm32f10x_md.o(.text)
    ADC1_2_IRQHandler                        0x0800189f   Thumb Code     0  startup_stm32f10x_md.o(.text)
    CAN1_RX1_IRQHandler                      0x0800189f   Thumb Code     0  startup_stm32f10x_md.o(.text)
    CAN1_SCE_IRQHandler                      0x0800189f   Thumb Code     0  startup_stm32f10x_md.o(.text)
    DMA1_Channel1_IRQHandler                 0x0800189f   Thumb Code     0  startup_stm32f10x_md.o(.text)
    DMA1_Channel2_IRQHandler                 0x0800189f   Thumb Code     0  startup_stm32f10x_md.o(.text)
    DMA1_Channel3_IRQHandler                 0x0800189f   Thumb Code     0  startup_stm32f10x_md.o(.text)
    DMA1_Channel4_IRQHandler                 0x0800189f   Thumb Code     0  startup_stm32f10x_md.o(.text)
    DMA1_Channel5_IRQHandler                 0x0800189f   Thumb Code     0  startup_stm32f10x_md.o(.text)
    DMA1_Channel6_IRQHandler                 0x0800189f   Thumb Code     0  startup_stm32f10x_md.o(.text)
    DMA1_Channel7_IRQHandler                 0x0800189f   Thumb Code     0  startup_stm32f10x_md.o(.text)
    EXTI0_IRQHandler                         0x0800189f   Thumb Code     0  startup_stm32f10x_md.o(.text)
    EXTI15_10_IRQHandler                     0x0800189f   Thumb Code     0  startup_stm32f10x_md.o(.text)
    EXTI1_IRQHandler                         0x0800189f   Thumb Code     0  startup_stm32f10x_md.o(.text)
    EXTI2_IRQHandler                         0x0800189f   Thumb Code     0  startup_stm32f10x_md.o(.text)
    EXTI3_IRQHandler                         0x0800189f   Thumb Code     0  startup_stm32f10x_md.o(.text)
    EXTI4_IRQHandler                         0x0800189f   Thumb Code     0  startup_stm32f10x_md.o(.text)
    EXTI9_5_IRQHandler                       0x0800189f   Thumb Code     0  startup_stm32f10x_md.o(.text)
    FLASH_IRQHandler                         0x0800189f   Thumb Code     0  startup_stm32f10x_md.o(.text)
    I2C1_ER_IRQHandler                       0x0800189f   Thumb Code     0  startup_stm32f10x_md.o(.text)
    I2C1_EV_IRQHandler                       0x0800189f   Thumb Code     0  startup_stm32f10x_md.o(.text)
    I2C2_ER_IRQHandler                       0x0800189f   Thumb Code     0  startup_stm32f10x_md.o(.text)
    I2C2_EV_IRQHandler                       0x0800189f   Thumb Code     0  startup_stm32f10x_md.o(.text)
    PVD_IRQHandler                           0x0800189f   Thumb Code     0  startup_stm32f10x_md.o(.text)
    RCC_IRQHandler                           0x0800189f   Thumb Code     0  startup_stm32f10x_md.o(.text)
    RTCAlarm_IRQHandler                      0x0800189f   Thumb Code     0  startup_stm32f10x_md.o(.text)
    RTC_IRQHandler                           0x0800189f   Thumb Code     0  startup_stm32f10x_md.o(.text)
    SPI1_IRQHandler                          0x0800189f   Thumb Code     0  startup_stm32f10x_md.o(.text)
    SPI2_IRQHandler                          0x0800189f   Thumb Code     0  startup_stm32f10x_md.o(.text)
    TAMPER_IRQHandler                        0x0800189f   Thumb Code     0  startup_stm32f10x_md.o(.text)
    TIM1_BRK_IRQHandler                      0x0800189f   Thumb Code     0  startup_stm32f10x_md.o(.text)
    TIM1_CC_IRQHandler                       0x0800189f   Thumb Code     0  startup_stm32f10x_md.o(.text)
    TIM1_TRG_COM_IRQHandler                  0x0800189f   Thumb Code     0  startup_stm32f10x_md.o(.text)
    TIM2_IRQHandler                          0x0800189f   Thumb Code     0  startup_stm32f10x_md.o(.text)
    USART2_IRQHandler                        0x0800189f   Thumb Code     0  startup_stm32f10x_md.o(.text)
    USBWakeUp_IRQHandler                     0x0800189f   Thumb Code     0  startup_stm32f10x_md.o(.text)
    USB_HP_CAN1_TX_IRQHandler                0x0800189f   Thumb Code     0  startup_stm32f10x_md.o(.text)
    USB_LP_CAN1_RX0_IRQHandler               0x0800189f   Thumb Code     0  startup_stm32f10x_md.o(.text)
    WWDG_IRQHandler                          0x0800189f   Thumb Code     0  startup_stm32f10x_md.o(.text)
    __user_initial_stackheap                 0x080018a1   Thumb Code     0  startup_stm32f10x_md.o(.text)
    NVIC_PriorityGroupConfig                 0x080018c5   Thumb Code    10  misc.o(.text)
    NVIC_Init                                0x080018cf   Thumb Code   100  misc.o(.text)
    NVIC_SetVectorTable                      0x08001933   Thumb Code    14  misc.o(.text)
    NVIC_SystemLPConfig                      0x08001941   Thumb Code    34  misc.o(.text)
    SysTick_CLKSourceConfig                  0x08001963   Thumb Code    40  misc.o(.text)
    GPIO_DeInit                              0x080019a1   Thumb Code   172  stm32f10x_gpio.o(.text)
    GPIO_AFIODeInit                          0x08001a4d   Thumb Code    20  stm32f10x_gpio.o(.text)
    GPIO_Init                                0x08001a61   Thumb Code   278  stm32f10x_gpio.o(.text)
    GPIO_StructInit                          0x08001b77   Thumb Code    16  stm32f10x_gpio.o(.text)
    GPIO_ReadInputDataBit                    0x08001b87   Thumb Code    18  stm32f10x_gpio.o(.text)
    GPIO_ReadInputData                       0x08001b99   Thumb Code     8  stm32f10x_gpio.o(.text)
    GPIO_ReadOutputDataBit                   0x08001ba1   Thumb Code    18  stm32f10x_gpio.o(.text)
    GPIO_ReadOutputData                      0x08001bb3   Thumb Code     8  stm32f10x_gpio.o(.text)
    GPIO_SetBits                             0x08001bbb   Thumb Code     4  stm32f10x_gpio.o(.text)
    GPIO_ResetBits                           0x08001bbf   Thumb Code     4  stm32f10x_gpio.o(.text)
    GPIO_WriteBit                            0x08001bc3   Thumb Code    10  stm32f10x_gpio.o(.text)
    GPIO_Write                               0x08001bcd   Thumb Code     4  stm32f10x_gpio.o(.text)
    GPIO_PinLockConfig                       0x08001bd1   Thumb Code    18  stm32f10x_gpio.o(.text)
    GPIO_EventOutputConfig                   0x08001be3   Thumb Code    26  stm32f10x_gpio.o(.text)
    GPIO_EventOutputCmd                      0x08001bfd   Thumb Code     6  stm32f10x_gpio.o(.text)
    GPIO_PinRemapConfig                      0x08001c03   Thumb Code   138  stm32f10x_gpio.o(.text)
    GPIO_EXTILineConfig                      0x08001c8d   Thumb Code    66  stm32f10x_gpio.o(.text)
    GPIO_ETH_MediaInterfaceConfig            0x08001ccf   Thumb Code     8  stm32f10x_gpio.o(.text)
    RCC_DeInit                               0x08001cfd   Thumb Code    64  stm32f10x_rcc.o(.text)
    RCC_HSEConfig                            0x08001d3d   Thumb Code    70  stm32f10x_rcc.o(.text)
    RCC_GetFlagStatus                        0x08001d83   Thumb Code    56  stm32f10x_rcc.o(.text)
    RCC_WaitForHSEStartUp                    0x08001dbb   Thumb Code    56  stm32f10x_rcc.o(.text)
    RCC_AdjustHSICalibrationValue            0x08001df3   Thumb Code    20  stm32f10x_rcc.o(.text)
    RCC_HSICmd                               0x08001e07   Thumb Code     6  stm32f10x_rcc.o(.text)
    RCC_PLLConfig                            0x08001e0d   Thumb Code    24  stm32f10x_rcc.o(.text)
    RCC_PLLCmd                               0x08001e25   Thumb Code     6  stm32f10x_rcc.o(.text)
    RCC_SYSCLKConfig                         0x08001e2b   Thumb Code    18  stm32f10x_rcc.o(.text)
    RCC_GetSYSCLKSource                      0x08001e3d   Thumb Code    10  stm32f10x_rcc.o(.text)
    RCC_HCLKConfig                           0x08001e47   Thumb Code    18  stm32f10x_rcc.o(.text)
    RCC_PCLK1Config                          0x08001e59   Thumb Code    18  stm32f10x_rcc.o(.text)
    RCC_PCLK2Config                          0x08001e6b   Thumb Code    20  stm32f10x_rcc.o(.text)
    RCC_ITConfig                             0x08001e7f   Thumb Code    26  stm32f10x_rcc.o(.text)
    RCC_USBCLKConfig                         0x08001e99   Thumb Code     8  stm32f10x_rcc.o(.text)
    RCC_ADCCLKConfig                         0x08001ea1   Thumb Code    18  stm32f10x_rcc.o(.text)
    RCC_LSEConfig                            0x08001eb3   Thumb Code    50  stm32f10x_rcc.o(.text)
    RCC_LSICmd                               0x08001ee5   Thumb Code     6  stm32f10x_rcc.o(.text)
    RCC_RTCCLKConfig                         0x08001eeb   Thumb Code    12  stm32f10x_rcc.o(.text)
    RCC_RTCCLKCmd                            0x08001ef7   Thumb Code     8  stm32f10x_rcc.o(.text)
    RCC_GetClocksFreq                        0x08001eff   Thumb Code   192  stm32f10x_rcc.o(.text)
    RCC_AHBPeriphClockCmd                    0x08001fbf   Thumb Code    26  stm32f10x_rcc.o(.text)
    RCC_APB2PeriphClockCmd                   0x08001fd9   Thumb Code    26  stm32f10x_rcc.o(.text)
    RCC_APB1PeriphClockCmd                   0x08001ff3   Thumb Code    26  stm32f10x_rcc.o(.text)
    RCC_APB2PeriphResetCmd                   0x0800200d   Thumb Code    26  stm32f10x_rcc.o(.text)
    RCC_APB1PeriphResetCmd                   0x08002027   Thumb Code    26  stm32f10x_rcc.o(.text)
    RCC_BackupResetCmd                       0x08002041   Thumb Code     8  stm32f10x_rcc.o(.text)
    RCC_ClockSecuritySystemCmd               0x08002049   Thumb Code     6  stm32f10x_rcc.o(.text)
    RCC_MCOConfig                            0x0800204f   Thumb Code     6  stm32f10x_rcc.o(.text)
    RCC_ClearFlag                            0x08002055   Thumb Code    14  stm32f10x_rcc.o(.text)
    RCC_GetITStatus                          0x08002063   Thumb Code    20  stm32f10x_rcc.o(.text)
    RCC_ClearITPendingBit                    0x08002077   Thumb Code     6  stm32f10x_rcc.o(.text)
    USART_DeInit                             0x080020a1   Thumb Code   134  stm32f10x_usart.o(.text)
    USART_Init                               0x08002127   Thumb Code   210  stm32f10x_usart.o(.text)
    USART_StructInit                         0x080021f9   Thumb Code    24  stm32f10x_usart.o(.text)
    USART_ClockInit                          0x08002211   Thumb Code    34  stm32f10x_usart.o(.text)
    USART_ClockStructInit                    0x08002233   Thumb Code    12  stm32f10x_usart.o(.text)
    USART_Cmd                                0x0800223f   Thumb Code    24  stm32f10x_usart.o(.text)
    USART_ITConfig                           0x08002257   Thumb Code    74  stm32f10x_usart.o(.text)
    USART_DMACmd                             0x080022a1   Thumb Code    18  stm32f10x_usart.o(.text)
    USART_SetAddress                         0x080022b3   Thumb Code    18  stm32f10x_usart.o(.text)
    USART_WakeUpConfig                       0x080022c5   Thumb Code    18  stm32f10x_usart.o(.text)
    USART_ReceiverWakeUpCmd                  0x080022d7   Thumb Code    24  stm32f10x_usart.o(.text)
    USART_LINBreakDetectLengthConfig         0x080022ef   Thumb Code    18  stm32f10x_usart.o(.text)
    USART_LINCmd                             0x08002301   Thumb Code    24  stm32f10x_usart.o(.text)
    USART_SendData                           0x08002319   Thumb Code     8  stm32f10x_usart.o(.text)
    USART_ReceiveData                        0x08002321   Thumb Code    10  stm32f10x_usart.o(.text)
    USART_SendBreak                          0x0800232b   Thumb Code    10  stm32f10x_usart.o(.text)
    USART_SetGuardTime                       0x08002335   Thumb Code    16  stm32f10x_usart.o(.text)
    USART_SetPrescaler                       0x08002345   Thumb Code    16  stm32f10x_usart.o(.text)
    USART_SmartCardCmd                       0x08002355   Thumb Code    24  stm32f10x_usart.o(.text)
    USART_SmartCardNACKCmd                   0x0800236d   Thumb Code    24  stm32f10x_usart.o(.text)
    USART_HalfDuplexCmd                      0x08002385   Thumb Code    24  stm32f10x_usart.o(.text)
    USART_OverSampling8Cmd                   0x0800239d   Thumb Code    22  stm32f10x_usart.o(.text)
    USART_OneBitMethodCmd                    0x080023b3   Thumb Code    24  stm32f10x_usart.o(.text)
    USART_IrDAConfig                         0x080023cb   Thumb Code    18  stm32f10x_usart.o(.text)
    USART_IrDACmd                            0x080023dd   Thumb Code    24  stm32f10x_usart.o(.text)
    USART_GetFlagStatus                      0x080023f5   Thumb Code    26  stm32f10x_usart.o(.text)
    USART_ClearFlag                          0x0800240f   Thumb Code    18  stm32f10x_usart.o(.text)
    USART_GetITStatus                        0x08002421   Thumb Code    84  stm32f10x_usart.o(.text)
    USART_ClearITPendingBit                  0x08002475   Thumb Code    52  stm32f10x_usart.o(.text)
    TIM_DeInit                               0x080024a9   Thumb Code   424  stm32f10x_tim.o(.text)
    TIM_TimeBaseInit                         0x08002651   Thumb Code   122  stm32f10x_tim.o(.text)
    TIM_OC1Init                              0x080026cb   Thumb Code   132  stm32f10x_tim.o(.text)
    TIM_OC2Init                              0x0800274f   Thumb Code   154  stm32f10x_tim.o(.text)
    TIM_OC3Init                              0x080027e9   Thumb Code   150  stm32f10x_tim.o(.text)
    TIM_OC4Init                              0x0800287f   Thumb Code   182  stm32f10x_tim.o(.text)
    TIM_SetIC4Prescaler                      0x08002935   Thumb Code    26  stm32f10x_tim.o(.text)
    TIM_SetIC3Prescaler                      0x080029d1   Thumb Code    18  stm32f10x_tim.o(.text)
    TIM_SetIC2Prescaler                      0x08002a5d   Thumb Code    26  stm32f10x_tim.o(.text)
    TIM_SetIC1Prescaler                      0x08002af9   Thumb Code    18  stm32f10x_tim.o(.text)
    TIM_ICInit                               0x08002b77   Thumb Code   150  stm32f10x_tim.o(.text)
    TIM_PWMIConfig                           0x08002c0d   Thumb Code   124  stm32f10x_tim.o(.text)
    TIM_BDTRConfig                           0x08002c89   Thumb Code    32  stm32f10x_tim.o(.text)
    TIM_TimeBaseStructInit                   0x08002ca9   Thumb Code    18  stm32f10x_tim.o(.text)
    TIM_OCStructInit                         0x08002cbb   Thumb Code    20  stm32f10x_tim.o(.text)
    TIM_ICStructInit                         0x08002ccf   Thumb Code    18  stm32f10x_tim.o(.text)
    TIM_BDTRStructInit                       0x08002ce1   Thumb Code    40  stm32f10x_tim.o(.text)
    TIM_Cmd                                  0x08002d09   Thumb Code    24  stm32f10x_tim.o(.text)
    TIM_CtrlPWMOutputs                       0x08002d21   Thumb Code    30  stm32f10x_tim.o(.text)
    TIM_ITConfig                             0x08002d3f   Thumb Code    18  stm32f10x_tim.o(.text)
    TIM_GenerateEvent                        0x08002d51   Thumb Code     4  stm32f10x_tim.o(.text)
    TIM_DMAConfig                            0x08002d55   Thumb Code    10  stm32f10x_tim.o(.text)
    TIM_DMACmd                               0x08002d5f   Thumb Code    18  stm32f10x_tim.o(.text)
    TIM_InternalClockConfig                  0x08002d71   Thumb Code    12  stm32f10x_tim.o(.text)
    TIM_SelectInputTrigger                   0x08002d7d   Thumb Code    18  stm32f10x_tim.o(.text)
    TIM_ITRxExternalClockConfig              0x08002d8f   Thumb Code    24  stm32f10x_tim.o(.text)
    TIM_TIxExternalClockConfig               0x08002da7   Thumb Code    62  stm32f10x_tim.o(.text)
    TIM_ETRConfig                            0x08002de5   Thumb Code    28  stm32f10x_tim.o(.text)
    TIM_ETRClockMode1Config                  0x08002e01   Thumb Code    54  stm32f10x_tim.o(.text)
    TIM_ETRClockMode2Config                  0x08002e37   Thumb Code    32  stm32f10x_tim.o(.text)
    TIM_PrescalerConfig                      0x08002e57   Thumb Code     6  stm32f10x_tim.o(.text)
    TIM_CounterModeConfig                    0x08002e5d   Thumb Code    18  stm32f10x_tim.o(.text)
    TIM_EncoderInterfaceConfig               0x08002e6f   Thumb Code    66  stm32f10x_tim.o(.text)
    TIM_ForcedOC1Config                      0x08002eb1   Thumb Code    18  stm32f10x_tim.o(.text)
    TIM_ForcedOC2Config                      0x08002ec3   Thumb Code    26  stm32f10x_tim.o(.text)
    TIM_ForcedOC3Config                      0x08002edd   Thumb Code    18  stm32f10x_tim.o(.text)
    TIM_ForcedOC4Config                      0x08002eef   Thumb Code    26  stm32f10x_tim.o(.text)
    TIM_ARRPreloadConfig                     0x08002f09   Thumb Code    24  stm32f10x_tim.o(.text)
    TIM_SelectCOM                            0x08002f21   Thumb Code    24  stm32f10x_tim.o(.text)
    TIM_SelectCCDMA                          0x08002f39   Thumb Code    24  stm32f10x_tim.o(.text)
    TIM_CCPreloadControl                     0x08002f51   Thumb Code    24  stm32f10x_tim.o(.text)
    TIM_OC1PreloadConfig                     0x08002f69   Thumb Code    18  stm32f10x_tim.o(.text)
    TIM_OC2PreloadConfig                     0x08002f7b   Thumb Code    26  stm32f10x_tim.o(.text)
    TIM_OC3PreloadConfig                     0x08002f95   Thumb Code    18  stm32f10x_tim.o(.text)
    TIM_OC4PreloadConfig                     0x08002fa7   Thumb Code    26  stm32f10x_tim.o(.text)
    TIM_OC1FastConfig                        0x08002fc1   Thumb Code    18  stm32f10x_tim.o(.text)
    TIM_OC2FastConfig                        0x08002fd3   Thumb Code    26  stm32f10x_tim.o(.text)
    TIM_OC3FastConfig                        0x08002fed   Thumb Code    18  stm32f10x_tim.o(.text)
    TIM_OC4FastConfig                        0x08002fff   Thumb Code    26  stm32f10x_tim.o(.text)
    TIM_ClearOC1Ref                          0x08003019   Thumb Code    18  stm32f10x_tim.o(.text)
    TIM_ClearOC2Ref                          0x0800302b   Thumb Code    24  stm32f10x_tim.o(.text)
    TIM_ClearOC3Ref                          0x08003043   Thumb Code    18  stm32f10x_tim.o(.text)
    TIM_ClearOC4Ref                          0x08003055   Thumb Code    24  stm32f10x_tim.o(.text)
    TIM_OC1PolarityConfig                    0x0800306d   Thumb Code    18  stm32f10x_tim.o(.text)
    TIM_OC1NPolarityConfig                   0x0800307f   Thumb Code    18  stm32f10x_tim.o(.text)
    TIM_OC2PolarityConfig                    0x08003091   Thumb Code    26  stm32f10x_tim.o(.text)
    TIM_OC2NPolarityConfig                   0x080030ab   Thumb Code    26  stm32f10x_tim.o(.text)
    TIM_OC3PolarityConfig                    0x080030c5   Thumb Code    26  stm32f10x_tim.o(.text)
    TIM_OC3NPolarityConfig                   0x080030df   Thumb Code    26  stm32f10x_tim.o(.text)
    TIM_OC4PolarityConfig                    0x080030f9   Thumb Code    26  stm32f10x_tim.o(.text)
    TIM_CCxCmd                               0x08003113   Thumb Code    30  stm32f10x_tim.o(.text)
    TIM_CCxNCmd                              0x08003131   Thumb Code    30  stm32f10x_tim.o(.text)
    TIM_SelectOCxM                           0x0800314f   Thumb Code    82  stm32f10x_tim.o(.text)
    TIM_UpdateDisableConfig                  0x080031a1   Thumb Code    24  stm32f10x_tim.o(.text)
    TIM_UpdateRequestConfig                  0x080031b9   Thumb Code    24  stm32f10x_tim.o(.text)
    TIM_SelectHallSensor                     0x080031d1   Thumb Code    24  stm32f10x_tim.o(.text)
    TIM_SelectOnePulseMode                   0x080031e9   Thumb Code    18  stm32f10x_tim.o(.text)
    TIM_SelectOutputTrigger                  0x080031fb   Thumb Code    18  stm32f10x_tim.o(.text)
    TIM_SelectSlaveMode                      0x0800320d   Thumb Code    18  stm32f10x_tim.o(.text)
    TIM_SelectMasterSlaveMode                0x0800321f   Thumb Code    18  stm32f10x_tim.o(.text)
    TIM_SetCounter                           0x08003231   Thumb Code     4  stm32f10x_tim.o(.text)
    TIM_SetAutoreload                        0x08003235   Thumb Code     4  stm32f10x_tim.o(.text)
    TIM_SetCompare1                          0x08003239   Thumb Code     4  stm32f10x_tim.o(.text)
    TIM_SetCompare2                          0x0800323d   Thumb Code     4  stm32f10x_tim.o(.text)
    TIM_SetCompare3                          0x08003241   Thumb Code     4  stm32f10x_tim.o(.text)
    TIM_SetCompare4                          0x08003245   Thumb Code     6  stm32f10x_tim.o(.text)
    TIM_SetClockDivision                     0x0800324b   Thumb Code    18  stm32f10x_tim.o(.text)
    TIM_GetCapture1                          0x0800325d   Thumb Code     6  stm32f10x_tim.o(.text)
    TIM_GetCapture2                          0x08003263   Thumb Code     6  stm32f10x_tim.o(.text)
    TIM_GetCapture3                          0x08003269   Thumb Code     6  stm32f10x_tim.o(.text)
    TIM_GetCapture4                          0x0800326f   Thumb Code     8  stm32f10x_tim.o(.text)
    TIM_GetCounter                           0x08003277   Thumb Code     6  stm32f10x_tim.o(.text)
    TIM_GetPrescaler                         0x0800327d   Thumb Code     6  stm32f10x_tim.o(.text)
    TIM_GetFlagStatus                        0x08003283   Thumb Code    18  stm32f10x_tim.o(.text)
    TIM_ClearFlag                            0x08003295   Thumb Code     6  stm32f10x_tim.o(.text)
    TIM_GetITStatus                          0x0800329b   Thumb Code    34  stm32f10x_tim.o(.text)
    TIM_ClearITPendingBit                    0x080032bd   Thumb Code     6  stm32f10x_tim.o(.text)
    Distance                                 0x080032c5   Thumb Code   158  loal.o(.text)
    WTurnRight90                             0x08003363   Thumb Code    94  loal.o(.text)
    WTurnLeft90                              0x080033c1   Thumb Code    92  loal.o(.text)
    Goto1                                    0x0800341d   Thumb Code   308  loal.o(.text)
    Goto2                                    0x08003551   Thumb Code   288  loal.o(.text)
    BackFrom3                                0x08003671   Thumb Code   204  loal.o(.text)
    BackFrom4                                0x0800373d   Thumb Code   134  loal.o(.text)
    BackFrom5                                0x080037c3   Thumb Code   296  loal.o(.text)
    BackFrom6                                0x080038eb   Thumb Code   296  loal.o(.text)
    BackFrom7                                0x08003a13   Thumb Code   326  loal.o(.text)
    BackFrom8                                0x08003b59   Thumb Code   304  loal.o(.text)
    VisGO                                    0x08003ca5   Thumb Code  1382  golo.o(.text)
    __use_no_semihosting                     0x08004225   Thumb Code     2  use_no_semi_2.o(.text)
    __c89vsprintf                            0x08004229   Thumb Code    32  c89vsprintf.o(.text)
    __2printf                                0x0800424d   Thumb Code    20  __2printf.o(.text)
    _printf_int_dec                          0x08004265   Thumb Code   104  _printf_dec.o(.text)
    __printf                                 0x080042dd   Thumb Code   388  __printf_flags_ss_wp.o(.text)
    __use_two_region_memory                  0x08004465   Thumb Code     2  heapauxi.o(.text)
    __rt_heap_escrow$2region                 0x08004467   Thumb Code     2  heapauxi.o(.text)
    __rt_heap_expand$2region                 0x08004469   Thumb Code     2  heapauxi.o(.text)
    __I$use$semihosting                      0x0800446b   Thumb Code     0  use_no_semi.o(.text)
    __use_no_semihosting_swi                 0x0800446b   Thumb Code     2  use_no_semi.o(.text)
    _printf_pre_padding                      0x0800446d   Thumb Code    44  _printf_pad.o(.text)
    _printf_post_padding                     0x08004499   Thumb Code    34  _printf_pad.o(.text)
    _printf_truncate_signed                  0x080044bb   Thumb Code    18  _printf_truncate.o(.text)
    _printf_truncate_unsigned                0x080044cd   Thumb Code    18  _printf_truncate.o(.text)
    _printf_str                              0x080044df   Thumb Code    82  _printf_str.o(.text)
    _printf_int_common                       0x08004531   Thumb Code   178  _printf_intcommon.o(.text)
    _printf_charcount                        0x080045e3   Thumb Code    40  _printf_charcount.o(.text)
    _printf_char_common                      0x08004617   Thumb Code    32  _printf_char_common.o(.text)
    _sputc                                   0x0800463d   Thumb Code    10  _sputc.o(.text)
    _printf_char_file                        0x08004649   Thumb Code    32  _printf_char_file.o(.text)
    _printf_wctomb                           0x0800466d   Thumb Code   182  _printf_wctomb.o(.text)
    _printf_longlong_dec                     0x08004729   Thumb Code   108  _printf_longlong_dec.o(.text)
    _printf_longlong_oct                     0x080047a5   Thumb Code    66  _printf_oct_int_ll.o(.text)
    _printf_int_oct                          0x080047e7   Thumb Code    24  _printf_oct_int_ll.o(.text)
    _printf_ll_oct                           0x080047ff   Thumb Code    12  _printf_oct_int_ll.o(.text)
    _printf_longlong_hex                     0x08004815   Thumb Code    86  _printf_hex_int_ll_ptr.o(.text)
    _printf_int_hex                          0x0800486b   Thumb Code    28  _printf_hex_int_ll_ptr.o(.text)
    _printf_ll_hex                           0x08004887   Thumb Code    12  _printf_hex_int_ll_ptr.o(.text)
    _printf_hex_ptr                          0x08004893   Thumb Code    18  _printf_hex_int_ll_ptr.o(.text)
    _ll_udiv10                               0x080048a9   Thumb Code   138  lludiv10.o(.text)
    __lib_sel_fp_printf                      0x08004933   Thumb Code     2  _printf_fp_dec.o(.text)
    _printf_fp_dec_real                      0x08004ae5   Thumb Code   620  _printf_fp_dec.o(.text)
    _printf_cs_common                        0x08004d51   Thumb Code    20  _printf_char.o(.text)
    _printf_char                             0x08004d65   Thumb Code    16  _printf_char.o(.text)
    _printf_string                           0x08004d75   Thumb Code     8  _printf_char.o(.text)
    _printf_lcs_common                       0x08004d7d   Thumb Code    20  _printf_wchar.o(.text)
    _printf_wchar                            0x08004d91   Thumb Code    16  _printf_wchar.o(.text)
    _printf_wstring                          0x08004da1   Thumb Code     8  _printf_wchar.o(.text)
    ferror                                   0x08004da9   Thumb Code     8  ferror.o(.text)
    _wcrtomb                                 0x08004db1   Thumb Code    64  _wcrtomb.o(.text)
    __user_setup_stackheap                   0x08004df1   Thumb Code    74  sys_stackheap_outer.o(.text)
    __rt_ctype_table                         0x08004e3d   Thumb Code    16  rt_ctype_table.o(.text)
    __rt_locale                              0x08004e4d   Thumb Code     8  rt_locale_intlibspace.o(.text)
    _printf_fp_infnan                        0x08004e55   Thumb Code   112  _printf_fp_infnan.o(.text)
    _btod_etento                             0x08004ed5   Thumb Code   224  bigflt0.o(.text)
    exit                                     0x08004fb9   Thumb Code    18  exit.o(.text)
    __user_libspace                          0x08004fcd   Thumb Code     8  libspace.o(.text)
    __user_perproc_libspace                  0x08004fcd   Thumb Code     0  libspace.o(.text)
    __user_perthread_libspace                0x08004fcd   Thumb Code     0  libspace.o(.text)
    strcmp                                   0x08004fd5   Thumb Code   128  strcmpv7m.o(.text)
    _btod_d2e                                0x08005055   Thumb Code    62  btod.o(CL$$btod_d2e)
    _d2e_denorm_low                          0x08005093   Thumb Code    70  btod.o(CL$$btod_d2e_denorm_low)
    _d2e_norm_op1                            0x080050d9   Thumb Code    96  btod.o(CL$$btod_d2e_norm_op1)
    __btod_div_common                        0x08005139   Thumb Code   696  btod.o(CL$$btod_div_common)
    _e2e                                     0x08005471   Thumb Code   220  btod.o(CL$$btod_e2e)
    _btod_ediv                               0x0800554d   Thumb Code    42  btod.o(CL$$btod_ediv)
    _btod_emul                               0x08005577   Thumb Code    42  btod.o(CL$$btod_emul)
    __btod_mult_common                       0x080055a1   Thumb Code   580  btod.o(CL$$btod_mult_common)
    __ARM_fpclassify                         0x080057e5   Thumb Code    40  fpclassify.o(i.__ARM_fpclassify)
    _is_digit                                0x0800580d   Thumb Code    14  __printf_wp.o(i._is_digit)
    _get_lc_numeric                          0x0800581d   Thumb Code    44  lc_numeric_c.o(locale$$code)
    _get_lc_ctype                            0x08005849   Thumb Code    44  lc_ctype_c.o(locale$$code)
    __aeabi_d2uiz                            0x08005875   Thumb Code     0  dfixu.o(x$fpl$dfixu)
    _dfixu                                   0x08005875   Thumb Code    90  dfixu.o(x$fpl$dfixu)
    __aeabi_ui2d                             0x080058cf   Thumb Code     0  dflt_clz.o(x$fpl$dfltu)
    _dfltu                                   0x080058cf   Thumb Code    38  dflt_clz.o(x$fpl$dfltu)
    __aeabi_dmul                             0x080058f5   Thumb Code     0  dmul.o(x$fpl$dmul)
    _dmul                                    0x080058f5   Thumb Code   332  dmul.o(x$fpl$dmul)
    __fpl_dnaninf                            0x08005a49   Thumb Code   156  dnaninf.o(x$fpl$dnaninf)
    __fpl_dretinf                            0x08005ae5   Thumb Code    12  dretinf.o(x$fpl$dretinf)
    _printf_fp_dec                           0x08005af1   Thumb Code     4  printf1.o(x$fpl$printf1)
    F6x8                                     0x08005af4   Data         552  oled.o(.constdata)
    __I$use$fp                               0x08005af4   Number         0  usenofp.o(x$fpl$usenofp)
    F8X16                                    0x08005d1c   Data        1520  oled.o(.constdata)
    Region$$Table$$Base                      0x080063e4   Number         0  anon$$obj.o(Region$$Table)
    Region$$Table$$Limit                     0x08006404   Number         0  anon$$obj.o(Region$$Table)
    __ctype                                  0x0800642d   Data           0  lc_ctype_c.o(locale$$data)
    res1                                     0x20000000   Data           1  main.o(.data)
    Test_Distance                            0x20000004   Data           4  main.o(.data)
    record                                   0x20000008   Data           4  main.o(.data)
    num_record                               0x2000000c   Data           4  main.o(.data)
    YaoP                                     0x20000010   Data           4  main.o(.data)
    CheckYP                                  0x20000014   Data           1  main.o(.data)
    WXZFlag                                  0x20000015   Data           1  main.o(.data)
    BXZFlag                                  0x20000016   Data           1  main.o(.data)
    WJCFlag                                  0x20000017   Data           1  main.o(.data)
    BJCFlag                                  0x20000018   Data           1  main.o(.data)
    num                                      0x2000001c   Data           4  main.o(.data)
    num_1                                    0x20000020   Data           4  main.o(.data)
    test                                     0x20000024   Data           4  main.o(.data)
    testnum                                  0x20000028   Data           4  main.o(.data)
    SystemCoreClock                          0x2000002c   Data           4  system_stm32f10x.o(.data)
    AHBPrescTable                            0x20000030   Data          16  system_stm32f10x.o(.data)
    Hzk                                      0x20000040   Data         320  oled.o(.data)
    F1                                       0x20000180   Data           4  s305.o(.data)
    F2                                       0x20000184   Data           4  s305.o(.data)
    F3                                       0x20000188   Data           4  s305.o(.data)
    F4                                       0x2000018c   Data           4  s305.o(.data)
    F5                                       0x20000190   Data           4  s305.o(.data)
    TotalF                                   0x20000194   Data           4  s305.o(.data)
    Lef                                      0x20000198   Data           4  infrared.o(.data)
    Rig                                      0x2000019c   Data           4  infrared.o(.data)
    Tot                                      0x200001a0   Data           4  infrared.o(.data)
    circle_count                             0x200001a4   Data           4  zjjm.o(.data)
    circle_count_1                           0x200001a8   Data           4  zjjm.o(.data)
    res3                                     0x200001ac   Data           1  usart3.o(.data)
    __stdout                                 0x200001b4   Data           4  usart.o(.data)
    USART_RX_STA                             0x200001b8   Data           2  usart.o(.data)
    Destination                              0x200001d0   Data           4  golo.o(.data)
    __libspace_start                         0x200001d4   Data          96  libspace.o(.bss)
    __temporary_stack_top$libspace           0x20000234   Data           0  libspace.o(.bss)



==============================================================================

Memory Map of the image

  Image Entry point : 0x080000ed

  Load Region LR_IROM1 (Base: 0x08000000, Size: 0x00006704, Max: 0x00010000, ABSOLUTE, COMPRESSED[0x000065e8])

    Execution Region ER_IROM1 (Exec base: 0x08000000, Load base: 0x08000000, Size: 0x00006530, Max: 0x00010000, ABSOLUTE)

    Exec Addr    Load Addr    Size         Type   Attr      Idx    E Section Name        Object

    0x08000000   0x08000000   0x000000ec   Data   RO          436    RESET               startup_stm32f10x_md.o
    0x080000ec   0x080000ec   0x00000008   Code   RO          570  * !!!main             c_w.l(__main.o)
    0x080000f4   0x080000f4   0x00000034   Code   RO          878    !!!scatter          c_w.l(__scatter.o)
    0x08000128   0x08000128   0x0000005a   Code   RO          876    !!dczerorl2         c_w.l(__dczerorl2.o)
    0x08000182   0x08000182   0x00000002   PAD
    0x08000184   0x08000184   0x0000001c   Code   RO          880    !!handler_zi        c_w.l(__scatter_zi.o)
    0x080001a0   0x080001a0   0x00000000   Code   RO          567    .ARM.Collect$$_printf_percent$$00000000  c_w.l(_printf_percent.o)
    0x080001a0   0x080001a0   0x00000006   Code   RO          637    .ARM.Collect$$_printf_percent$$00000001  c_w.l(_printf_n.o)
    0x080001a6   0x080001a6   0x00000006   Code   RO          639    .ARM.Collect$$_printf_percent$$00000002  c_w.l(_printf_p.o)
    0x080001ac   0x080001ac   0x00000006   Code   RO          643    .ARM.Collect$$_printf_percent$$00000003  c_w.l(_printf_f.o)
    0x080001b2   0x080001b2   0x00000006   Code   RO          644    .ARM.Collect$$_printf_percent$$00000004  c_w.l(_printf_e.o)
    0x080001b8   0x080001b8   0x00000006   Code   RO          645    .ARM.Collect$$_printf_percent$$00000005  c_w.l(_printf_g.o)
    0x080001be   0x080001be   0x00000006   Code   RO          646    .ARM.Collect$$_printf_percent$$00000006  c_w.l(_printf_a.o)
    0x080001c4   0x080001c4   0x0000000a   Code   RO          651    .ARM.Collect$$_printf_percent$$00000007  c_w.l(_printf_ll.o)
    0x080001ce   0x080001ce   0x00000006   Code   RO          641    .ARM.Collect$$_printf_percent$$00000008  c_w.l(_printf_i.o)
    0x080001d4   0x080001d4   0x00000006   Code   RO          566    .ARM.Collect$$_printf_percent$$00000009  c_w.l(_printf_d.o)
    0x080001da   0x080001da   0x00000006   Code   RO          642    .ARM.Collect$$_printf_percent$$0000000A  c_w.l(_printf_u.o)
    0x080001e0   0x080001e0   0x00000006   Code   RO          640    .ARM.Collect$$_printf_percent$$0000000B  c_w.l(_printf_o.o)
    0x080001e6   0x080001e6   0x00000006   Code   RO          638    .ARM.Collect$$_printf_percent$$0000000C  c_w.l(_printf_x.o)
    0x080001ec   0x080001ec   0x00000006   Code   RO          648    .ARM.Collect$$_printf_percent$$0000000D  c_w.l(_printf_lli.o)
    0x080001f2   0x080001f2   0x00000006   Code   RO          649    .ARM.Collect$$_printf_percent$$0000000E  c_w.l(_printf_lld.o)
    0x080001f8   0x080001f8   0x00000006   Code   RO          650    .ARM.Collect$$_printf_percent$$0000000F  c_w.l(_printf_llu.o)
    0x080001fe   0x080001fe   0x00000006   Code   RO          655    .ARM.Collect$$_printf_percent$$00000010  c_w.l(_printf_llo.o)
    0x08000204   0x08000204   0x00000006   Code   RO          656    .ARM.Collect$$_printf_percent$$00000011  c_w.l(_printf_llx.o)
    0x0800020a   0x0800020a   0x0000000a   Code   RO          652    .ARM.Collect$$_printf_percent$$00000012  c_w.l(_printf_l.o)
    0x08000214   0x08000214   0x00000006   Code   RO          635    .ARM.Collect$$_printf_percent$$00000013  c_w.l(_printf_c.o)
    0x0800021a   0x0800021a   0x00000006   Code   RO          636    .ARM.Collect$$_printf_percent$$00000014  c_w.l(_printf_s.o)
    0x08000220   0x08000220   0x00000006   Code   RO          653    .ARM.Collect$$_printf_percent$$00000015  c_w.l(_printf_lc.o)
    0x08000226   0x08000226   0x00000006   Code   RO          654    .ARM.Collect$$_printf_percent$$00000016  c_w.l(_printf_ls.o)
    0x0800022c   0x0800022c   0x00000004   Code   RO          647    .ARM.Collect$$_printf_percent$$00000017  c_w.l(_printf_percent_end.o)
    0x08000230   0x08000230   0x00000002   Code   RO          741    .ARM.Collect$$libinit$$00000000  c_w.l(libinit.o)
    0x08000232   0x08000232   0x00000000   Code   RO          757    .ARM.Collect$$libinit$$00000002  c_w.l(libinit2.o)
    0x08000232   0x08000232   0x00000000   Code   RO          759    .ARM.Collect$$libinit$$00000004  c_w.l(libinit2.o)
    0x08000232   0x08000232   0x00000000   Code   RO          762    .ARM.Collect$$libinit$$0000000A  c_w.l(libinit2.o)
    0x08000232   0x08000232   0x00000000   Code   RO          764    .ARM.Collect$$libinit$$0000000C  c_w.l(libinit2.o)
    0x08000232   0x08000232   0x00000000   Code   RO          766    .ARM.Collect$$libinit$$0000000E  c_w.l(libinit2.o)
    0x08000232   0x08000232   0x00000006   Code   RO          767    .ARM.Collect$$libinit$$0000000F  c_w.l(libinit2.o)
    0x08000238   0x08000238   0x00000000   Code   RO          769    .ARM.Collect$$libinit$$00000011  c_w.l(libinit2.o)
    0x08000238   0x08000238   0x0000000c   Code   RO          770    .ARM.Collect$$libinit$$00000012  c_w.l(libinit2.o)
    0x08000244   0x08000244   0x00000000   Code   RO          771    .ARM.Collect$$libinit$$00000013  c_w.l(libinit2.o)
    0x08000244   0x08000244   0x00000000   Code   RO          773    .ARM.Collect$$libinit$$00000015  c_w.l(libinit2.o)
    0x08000244   0x08000244   0x0000000a   Code   RO          774    .ARM.Collect$$libinit$$00000016  c_w.l(libinit2.o)
    0x0800024e   0x0800024e   0x00000000   Code   RO          775    .ARM.Collect$$libinit$$00000017  c_w.l(libinit2.o)
    0x0800024e   0x0800024e   0x00000000   Code   RO          777    .ARM.Collect$$libinit$$00000019  c_w.l(libinit2.o)
    0x0800024e   0x0800024e   0x00000000   Code   RO          779    .ARM.Collect$$libinit$$0000001B  c_w.l(libinit2.o)
    0x0800024e   0x0800024e   0x00000000   Code   RO          781    .ARM.Collect$$libinit$$0000001D  c_w.l(libinit2.o)
    0x0800024e   0x0800024e   0x00000000   Code   RO          783    .ARM.Collect$$libinit$$0000001F  c_w.l(libinit2.o)
    0x0800024e   0x0800024e   0x00000000   Code   RO          785    .ARM.Collect$$libinit$$00000021  c_w.l(libinit2.o)
    0x0800024e   0x0800024e   0x00000000   Code   RO          787    .ARM.Collect$$libinit$$00000023  c_w.l(libinit2.o)
    0x0800024e   0x0800024e   0x00000000   Code   RO          789    .ARM.Collect$$libinit$$00000025  c_w.l(libinit2.o)
    0x0800024e   0x0800024e   0x00000000   Code   RO          793    .ARM.Collect$$libinit$$0000002C  c_w.l(libinit2.o)
    0x0800024e   0x0800024e   0x00000000   Code   RO          795    .ARM.Collect$$libinit$$0000002E  c_w.l(libinit2.o)
    0x0800024e   0x0800024e   0x00000000   Code   RO          797    .ARM.Collect$$libinit$$00000030  c_w.l(libinit2.o)
    0x0800024e   0x0800024e   0x00000000   Code   RO          799    .ARM.Collect$$libinit$$00000032  c_w.l(libinit2.o)
    0x0800024e   0x0800024e   0x00000002   Code   RO          800    .ARM.Collect$$libinit$$00000033  c_w.l(libinit2.o)
    0x08000250   0x08000250   0x00000002   Code   RO          818    .ARM.Collect$$libshutdown$$00000000  c_w.l(libshutdown.o)
    0x08000252   0x08000252   0x00000000   Code   RO          828    .ARM.Collect$$libshutdown$$00000002  c_w.l(libshutdown2.o)
    0x08000252   0x08000252   0x00000000   Code   RO          830    .ARM.Collect$$libshutdown$$00000004  c_w.l(libshutdown2.o)
    0x08000252   0x08000252   0x00000000   Code   RO          833    .ARM.Collect$$libshutdown$$00000007  c_w.l(libshutdown2.o)
    0x08000252   0x08000252   0x00000000   Code   RO          836    .ARM.Collect$$libshutdown$$0000000A  c_w.l(libshutdown2.o)
    0x08000252   0x08000252   0x00000000   Code   RO          838    .ARM.Collect$$libshutdown$$0000000C  c_w.l(libshutdown2.o)
    0x08000252   0x08000252   0x00000000   Code   RO          841    .ARM.Collect$$libshutdown$$0000000F  c_w.l(libshutdown2.o)
    0x08000252   0x08000252   0x00000002   Code   RO          842    .ARM.Collect$$libshutdown$$00000010  c_w.l(libshutdown2.o)
    0x08000254   0x08000254   0x00000000   Code   RO          586    .ARM.Collect$$rtentry$$00000000  c_w.l(__rtentry.o)
    0x08000254   0x08000254   0x00000000   Code   RO          665    .ARM.Collect$$rtentry$$00000002  c_w.l(__rtentry2.o)
    0x08000254   0x08000254   0x00000006   Code   RO          677    .ARM.Collect$$rtentry$$00000004  c_w.l(__rtentry4.o)
    0x0800025a   0x0800025a   0x00000000   Code   RO          667    .ARM.Collect$$rtentry$$00000009  c_w.l(__rtentry2.o)
    0x0800025a   0x0800025a   0x00000004   Code   RO          668    .ARM.Collect$$rtentry$$0000000A  c_w.l(__rtentry2.o)
    0x0800025e   0x0800025e   0x00000000   Code   RO          670    .ARM.Collect$$rtentry$$0000000C  c_w.l(__rtentry2.o)
    0x0800025e   0x0800025e   0x00000008   Code   RO          671    .ARM.Collect$$rtentry$$0000000D  c_w.l(__rtentry2.o)
    0x08000266   0x08000266   0x00000002   Code   RO          749    .ARM.Collect$$rtexit$$00000000  c_w.l(rtexit.o)
    0x08000268   0x08000268   0x00000000   Code   RO          802    .ARM.Collect$$rtexit$$00000002  c_w.l(rtexit2.o)
    0x08000268   0x08000268   0x00000004   Code   RO          803    .ARM.Collect$$rtexit$$00000003  c_w.l(rtexit2.o)
    0x0800026c   0x0800026c   0x00000006   Code   RO          804    .ARM.Collect$$rtexit$$00000004  c_w.l(rtexit2.o)
    0x08000272   0x08000272   0x00000002   PAD
    0x08000274   0x08000274   0x00000450   Code   RO            1    .text               main.o
    0x080006c4   0x080006c4   0x0000001a   Code   RO          159    .text               stm32f10x_it.o
    0x080006de   0x080006de   0x00000002   PAD
    0x080006e0   0x080006e0   0x000001e0   Code   RO          200    .text               system_stm32f10x.o
    0x080008c0   0x080008c0   0x000004b6   Code   RO          218    .text               oled.o
    0x08000d76   0x08000d76   0x00000002   PAD
    0x08000d78   0x08000d78   0x00000114   Code   RO          237    .text               s305.o
    0x08000e8c   0x08000e8c   0x000000e0   Code   RO          267    .text               led.o
    0x08000f6c   0x08000f6c   0x00000088   Code   RO          279    .text               infrared.o
    0x08000ff4   0x08000ff4   0x00000048   Code   RO          294    .text               beep.o
    0x0800103c   0x0800103c   0x000001f0   Code   RO          306    .text               zjjm.o
    0x0800122c   0x0800122c   0x00000330   Code   RO          324    .text               l298n.o
    0x0800155c   0x0800155c   0x00000074   Code   RO          336    .text               timer.o
    0x080015d0   0x080015d0   0x00000124   Code   RO          348    .text               usart3.o
    0x080016f4   0x080016f4   0x000000d4   Code   RO          370    .text               delay.o
    0x080017c8   0x080017c8   0x000000bc   Code   RO          401    .text               usart.o
    0x08001884   0x08001884   0x00000040   Code   RO          437    .text               startup_stm32f10x_md.o
    0x080018c4   0x080018c4   0x000000dc   Code   RO          441    .text               misc.o
    0x080019a0   0x080019a0   0x0000035c   Code   RO          453    .text               stm32f10x_gpio.o
    0x08001cfc   0x08001cfc   0x000003a4   Code   RO          465    .text               stm32f10x_rcc.o
    0x080020a0   0x080020a0   0x00000408   Code   RO          479    .text               stm32f10x_usart.o
    0x080024a8   0x080024a8   0x00000e1a   Code   RO          491    .text               stm32f10x_tim.o
    0x080032c2   0x080032c2   0x00000002   PAD
    0x080032c4   0x080032c4   0x000009e0   Code   RO          503    .text               loal.o
    0x08003ca4   0x08003ca4   0x00000580   Code   RO          516    .text               golo.o
    0x08004224   0x08004224   0x00000002   Code   RO          534    .text               c_w.l(use_no_semi_2.o)
    0x08004226   0x08004226   0x00000002   PAD
    0x08004228   0x08004228   0x00000024   Code   RO          536    .text               c_w.l(c89vsprintf.o)
    0x0800424c   0x0800424c   0x00000018   Code   RO          538    .text               c_w.l(__2printf.o)
    0x08004264   0x08004264   0x00000078   Code   RO          544    .text               c_w.l(_printf_dec.o)
    0x080042dc   0x080042dc   0x00000188   Code   RO          563    .text               c_w.l(__printf_flags_ss_wp.o)
    0x08004464   0x08004464   0x00000006   Code   RO          568    .text               c_w.l(heapauxi.o)
    0x0800446a   0x0800446a   0x00000002   Code   RO          584    .text               c_w.l(use_no_semi.o)
    0x0800446c   0x0800446c   0x0000004e   Code   RO          587    .text               c_w.l(_printf_pad.o)
    0x080044ba   0x080044ba   0x00000024   Code   RO          589    .text               c_w.l(_printf_truncate.o)
    0x080044de   0x080044de   0x00000052   Code   RO          591    .text               c_w.l(_printf_str.o)
    0x08004530   0x08004530   0x000000b2   Code   RO          593    .text               c_w.l(_printf_intcommon.o)
    0x080045e2   0x080045e2   0x00000028   Code   RO          595    .text               c_w.l(_printf_charcount.o)
    0x0800460a   0x0800460a   0x00000002   PAD
    0x0800460c   0x0800460c   0x00000030   Code   RO          597    .text               c_w.l(_printf_char_common.o)
    0x0800463c   0x0800463c   0x0000000a   Code   RO          599    .text               c_w.l(_sputc.o)
    0x08004646   0x08004646   0x00000002   PAD
    0x08004648   0x08004648   0x00000024   Code   RO          601    .text               c_w.l(_printf_char_file.o)
    0x0800466c   0x0800466c   0x000000bc   Code   RO          603    .text               c_w.l(_printf_wctomb.o)
    0x08004728   0x08004728   0x0000007c   Code   RO          606    .text               c_w.l(_printf_longlong_dec.o)
    0x080047a4   0x080047a4   0x00000070   Code   RO          612    .text               c_w.l(_printf_oct_int_ll.o)
    0x08004814   0x08004814   0x00000094   Code   RO          632    .text               c_w.l(_printf_hex_int_ll_ptr.o)
    0x080048a8   0x080048a8   0x0000008a   Code   RO          679    .text               c_w.l(lludiv10.o)
    0x08004932   0x08004932   0x0000041e   Code   RO          681    .text               c_w.l(_printf_fp_dec.o)
    0x08004d50   0x08004d50   0x0000002c   Code   RO          685    .text               c_w.l(_printf_char.o)
    0x08004d7c   0x08004d7c   0x0000002c   Code   RO          687    .text               c_w.l(_printf_wchar.o)
    0x08004da8   0x08004da8   0x00000008   Code   RO          689    .text               c_w.l(ferror.o)
    0x08004db0   0x08004db0   0x00000040   Code   RO          693    .text               c_w.l(_wcrtomb.o)
    0x08004df0   0x08004df0   0x0000004a   Code   RO          695    .text               c_w.l(sys_stackheap_outer.o)
    0x08004e3a   0x08004e3a   0x00000002   PAD
    0x08004e3c   0x08004e3c   0x00000010   Code   RO          697    .text               c_w.l(rt_ctype_table.o)
    0x08004e4c   0x08004e4c   0x00000008   Code   RO          702    .text               c_w.l(rt_locale_intlibspace.o)
    0x08004e54   0x08004e54   0x00000080   Code   RO          704    .text               c_w.l(_printf_fp_infnan.o)
    0x08004ed4   0x08004ed4   0x000000e4   Code   RO          706    .text               c_w.l(bigflt0.o)
    0x08004fb8   0x08004fb8   0x00000012   Code   RO          734    .text               c_w.l(exit.o)
    0x08004fca   0x08004fca   0x00000002   PAD
    0x08004fcc   0x08004fcc   0x00000008   Code   RO          746    .text               c_w.l(libspace.o)
    0x08004fd4   0x08004fd4   0x00000080   Code   RO          754    .text               c_w.l(strcmpv7m.o)
    0x08005054   0x08005054   0x0000003e   Code   RO          709    CL$$btod_d2e        c_w.l(btod.o)
    0x08005092   0x08005092   0x00000046   Code   RO          711    CL$$btod_d2e_denorm_low  c_w.l(btod.o)
    0x080050d8   0x080050d8   0x00000060   Code   RO          710    CL$$btod_d2e_norm_op1  c_w.l(btod.o)
    0x08005138   0x08005138   0x00000338   Code   RO          719    CL$$btod_div_common  c_w.l(btod.o)
    0x08005470   0x08005470   0x000000dc   Code   RO          716    CL$$btod_e2e        c_w.l(btod.o)
    0x0800554c   0x0800554c   0x0000002a   Code   RO          713    CL$$btod_ediv       c_w.l(btod.o)
    0x08005576   0x08005576   0x0000002a   Code   RO          712    CL$$btod_emul       c_w.l(btod.o)
    0x080055a0   0x080055a0   0x00000244   Code   RO          718    CL$$btod_mult_common  c_w.l(btod.o)
    0x080057e4   0x080057e4   0x00000028   Code   RO          744    i.__ARM_fpclassify  m_ws.l(fpclassify.o)
    0x0800580c   0x0800580c   0x0000000e   Code   RO          556    i._is_digit         c_w.l(__printf_wp.o)
    0x0800581a   0x0800581a   0x00000002   PAD
    0x0800581c   0x0800581c   0x0000002c   Code   RO          732    locale$$code        c_w.l(lc_numeric_c.o)
    0x08005848   0x08005848   0x0000002c   Code   RO          752    locale$$code        c_w.l(lc_ctype_c.o)
    0x08005874   0x08005874   0x0000005a   Code   RO          572    x$fpl$dfixu         fz_ws.l(dfixu.o)
    0x080058ce   0x080058ce   0x00000026   Code   RO          576    x$fpl$dfltu         fz_ws.l(dflt_clz.o)
    0x080058f4   0x080058f4   0x00000154   Code   RO          582    x$fpl$dmul          fz_ws.l(dmul.o)
    0x08005a48   0x08005a48   0x0000009c   Code   RO          657    x$fpl$dnaninf       fz_ws.l(dnaninf.o)
    0x08005ae4   0x08005ae4   0x0000000c   Code   RO          659    x$fpl$dretinf       fz_ws.l(dretinf.o)
    0x08005af0   0x08005af0   0x00000004   Code   RO          661    x$fpl$printf1       fz_ws.l(printf1.o)
    0x08005af4   0x08005af4   0x00000000   Code   RO          663    x$fpl$usenofp       fz_ws.l(usenofp.o)
    0x08005af4   0x08005af4   0x00000818   Data   RO          219    .constdata          oled.o
    0x0800630c   0x0800630c   0x00000011   Data   RO          564    .constdata          c_w.l(__printf_flags_ss_wp.o)
    0x0800631d   0x0800631d   0x00000003   PAD
    0x08006320   0x08006320   0x00000008   Data   RO          604    .constdata          c_w.l(_printf_wctomb.o)
    0x08006328   0x08006328   0x00000028   Data   RO          633    .constdata          c_w.l(_printf_hex_int_ll_ptr.o)
    0x08006350   0x08006350   0x00000094   Data   RO          707    .constdata          c_w.l(bigflt0.o)
    0x080063e4   0x080063e4   0x00000020   Data   RO          874    Region$$Table       anon$$obj.o
    0x08006404   0x08006404   0x0000001c   Data   RO          731    locale$$data        c_w.l(lc_numeric_c.o)
    0x08006420   0x08006420   0x00000110   Data   RO          751    locale$$data        c_w.l(lc_ctype_c.o)


    Execution Region RW_IRAM1 (Exec base: 0x20000000, Load base: 0x08006530, Size: 0x00000838, Max: 0x00005000, ABSOLUTE, COMPRESSED[0x000000b8])

    Exec Addr    Load Addr    Size         Type   Attr      Idx    E Section Name        Object

    0x20000000   COMPRESSED   0x0000002c   Data   RW            2    .data               main.o
    0x2000002c   COMPRESSED   0x00000014   Data   RW          201    .data               system_stm32f10x.o
    0x20000040   COMPRESSED   0x00000140   Data   RW          220    .data               oled.o
    0x20000180   COMPRESSED   0x00000018   Data   RW          238    .data               s305.o
    0x20000198   COMPRESSED   0x0000000c   Data   RW          280    .data               infrared.o
    0x200001a4   COMPRESSED   0x00000008   Data   RW          307    .data               zjjm.o
    0x200001ac   COMPRESSED   0x00000001   Data   RW          349    .data               usart3.o
    0x200001ad   COMPRESSED   0x00000001   PAD
    0x200001ae   COMPRESSED   0x00000004   Data   RW          371    .data               delay.o
    0x200001b2   COMPRESSED   0x00000002   PAD
    0x200001b4   COMPRESSED   0x00000006   Data   RW          403    .data               usart.o
    0x200001ba   COMPRESSED   0x00000014   Data   RW          466    .data               stm32f10x_rcc.o
    0x200001ce   COMPRESSED   0x00000002   PAD
    0x200001d0   COMPRESSED   0x00000004   Data   RW          517    .data               golo.o
    0x200001d4        -       0x00000060   Zero   RW          747    .bss                c_w.l(libspace.o)
    0x20000234   COMPRESSED   0x00000004   PAD
    0x20000238        -       0x00000200   Zero   RW          435    HEAP                startup_stm32f10x_md.o
    0x20000438        -       0x00000400   Zero   RW          434    STACK               startup_stm32f10x_md.o


==============================================================================

Image component sizes


      Code (inc. data)   RO Data    RW Data    ZI Data      Debug   Object Name

        72          4          0          0          0        773   beep.o
       212         18          0          4          0       1191   delay.o
      1408         62          0          4          0       1774   golo.o
       136         16          0         12          0       1062   infrared.o
       816          8          0          0          0       2156   l298n.o
       224          8          0          0          0        893   led.o
      2528        128          0          0          0       3420   loal.o
      1104        132          0         44          0     253923   main.o
       220         22          0          0          0       1945   misc.o
      1206         16       2072        320          0       5201   oled.o
       276         32          0         24          0       1149   s305.o
        64         26        236          0       1536        868   startup_stm32f10x_md.o
       860         38          0          0          0       5881   stm32f10x_gpio.o
        26          0          0          0          0       1254   stm32f10x_it.o
       932         36          0         20          0       9136   stm32f10x_rcc.o
      3610         88          0          0          0      22988   stm32f10x_tim.o
      1032         22          0          0          0       8604   stm32f10x_usart.o
         0          0          0          0          0         32   sys.o
       480         38          0         20          0       1959   system_stm32f10x.o
       116          6          0          0          0        744   timer.o
       188          8          0          6          0       3128   usart.o
       292         18          0          1          0       2676   usart3.o
       496         24          0          8          0       1822   zjjm.o

    ----------------------------------------------------------------------
     16304        750       2340        468       1536     332579   Object Totals
         0          0         32          0          0          0   (incl. Generated)
         6          0          0          5          0          0   (incl. Padding)

    ----------------------------------------------------------------------

      Code (inc. data)   RO Data    RW Data    ZI Data      Debug   Library Member Name

        24          4          0          0          0         84   __2printf.o
        90          0          0          0          0          0   __dczerorl2.o
         8          0          0          0          0         68   __main.o
       392          4         17          0          0         92   __printf_flags_ss_wp.o
        14          0          0          0          0         68   __printf_wp.o
         0          0          0          0          0          0   __rtentry.o
        12          0          0          0          0          0   __rtentry2.o
         6          0          0          0          0          0   __rtentry4.o
        52          8          0          0          0          0   __scatter.o
        28          0          0          0          0          0   __scatter_zi.o
         6          0          0          0          0          0   _printf_a.o
         6          0          0          0          0          0   _printf_c.o
        44          0          0          0          0        108   _printf_char.o
        48          6          0          0          0         96   _printf_char_common.o
        36          4          0          0          0         80   _printf_char_file.o
        40          0          0          0          0         68   _printf_charcount.o
         6          0          0          0          0          0   _printf_d.o
       120         16          0          0          0         92   _printf_dec.o
         6          0          0          0          0          0   _printf_e.o
         6          0          0          0          0          0   _printf_f.o
      1054          0          0          0          0        216   _printf_fp_dec.o
       128         16          0          0          0         84   _printf_fp_infnan.o
         6          0          0          0          0          0   _printf_g.o
       148          4         40          0          0        160   _printf_hex_int_ll_ptr.o
         6          0          0          0          0          0   _printf_i.o
       178          0          0          0          0         88   _printf_intcommon.o
        10          0          0          0          0          0   _printf_l.o
         6          0          0          0          0          0   _printf_lc.o
        10          0          0          0          0          0   _printf_ll.o
         6          0          0          0          0          0   _printf_lld.o
         6          0          0          0          0          0   _printf_lli.o
         6          0          0          0          0          0   _printf_llo.o
         6          0          0          0          0          0   _printf_llu.o
         6          0          0          0          0          0   _printf_llx.o
       124         16          0          0          0         92   _printf_longlong_dec.o
         6          0          0          0          0          0   _printf_ls.o
         6          0          0          0          0          0   _printf_n.o
         6          0          0          0          0          0   _printf_o.o
       112         10          0          0          0        124   _printf_oct_int_ll.o
         6          0          0          0          0          0   _printf_p.o
        78          0          0          0          0        108   _printf_pad.o
         0          0          0          0          0          0   _printf_percent.o
         4          0          0          0          0          0   _printf_percent_end.o
         6          0          0          0          0          0   _printf_s.o
        82          0          0          0          0         80   _printf_str.o
        36          0          0          0          0         84   _printf_truncate.o
         6          0          0          0          0          0   _printf_u.o
        44          0          0          0          0        108   _printf_wchar.o
       188          6          8          0          0         92   _printf_wctomb.o
         6          0          0          0          0          0   _printf_x.o
        10          0          0          0          0         68   _sputc.o
        64          0          0          0          0         92   _wcrtomb.o
       228          4        148          0          0         96   bigflt0.o
      1936        128          0          0          0        672   btod.o
        36          4          0          0          0         76   c89vsprintf.o
        18          0          0          0          0         80   exit.o
         8          0          0          0          0         68   ferror.o
         6          0          0          0          0        152   heapauxi.o
        44         10        272          0          0         76   lc_ctype_c.o
        44         10         28          0          0         76   lc_numeric_c.o
         2          0          0          0          0          0   libinit.o
        30          0          0          0          0          0   libinit2.o
         2          0          0          0          0          0   libshutdown.o
         2          0          0          0          0          0   libshutdown2.o
         8          4          0          0         96         68   libspace.o
       138          0          0          0          0         80   lludiv10.o
        16          4          0          0          0         76   rt_ctype_table.o
         8          4          0          0          0         68   rt_locale_intlibspace.o
         2          0          0          0          0          0   rtexit.o
        10          0          0          0          0          0   rtexit2.o
       128          0          0          0          0         68   strcmpv7m.o
        74          0          0          0          0         80   sys_stackheap_outer.o
         2          0          0          0          0         68   use_no_semi.o
         2          0          0          0          0         68   use_no_semi_2.o
        90          4          0          0          0         92   dfixu.o
        38          0          0          0          0         68   dflt_clz.o
       340         12          0          0          0        104   dmul.o
       156          4          0          0          0         92   dnaninf.o
        12          0          0          0          0         68   dretinf.o
         4          0          0          0          0         68   printf1.o
         0          0          0          0          0          0   usenofp.o
        40          0          0          0          0         68   fpclassify.o

    ----------------------------------------------------------------------
      6744        282        516          0        100       4584   Library Totals
        16          0          3          0          4          0   (incl. Padding)

    ----------------------------------------------------------------------

      Code (inc. data)   RO Data    RW Data    ZI Data      Debug   Library Name

      6048        262        513          0         96       4024   c_w.l
       640         20          0          0          0        492   fz_ws.l
        40          0          0          0          0         68   m_ws.l

    ----------------------------------------------------------------------
      6744        282        516          0        100       4584   Library Totals

    ----------------------------------------------------------------------

==============================================================================


      Code (inc. data)   RO Data    RW Data    ZI Data      Debug   

     23048       1032       2856        468       1636     333207   Grand Totals
     23048       1032       2856        184       1636     333207   ELF Image Totals (compressed)
     23048       1032       2856        184          0          0   ROM Totals

==============================================================================

    Total RO  Size (Code + RO Data)                25904 (  25.30kB)
    Total RW  Size (RW Data + ZI Data)              2104 (   2.05kB)
    Total ROM Size (Code + RO Data + RW Data)      26088 (  25.48kB)

==============================================================================

